
--- Testing App Registration for APP_5325b8 ---
Status: 200
{
  "login_info": null,
  "success": true,
  "message": "App registered successfully",
  "data": [
    {
      "code": "APP_5325b8",
      "name": "Test Application",
      "description": "A test application for automated verification",
      "icon": "https://example.com/icon.png",
      "is_active": true,
      "id": "eeecb579-a097-43da-8511-acc3565145ba",
      "pricing": [
        {
          "price": "49.99",
          "currency": "USD",
          "country": "US",
          "is_active": true,
          "created_at": "2026-01-04T12:29:56.402460Z"
        },
        {
          "price": "3999.0",
          "currency": "INR",
          "country": "IN",
          "is_active": true,
          "created_at": "2026-01-04T12:29:56.402460Z"
        }
      ],
      "features": [
        {
          "code": "FEAT_AUTH",
          "name": "Authentication",
          "description": "User authentication and management",
          "is_base_feature": true,
          "addon_price": "0.00",
          "currency": "USD",
          "status": "active",
          "id": "02110bf1-8100-4f50-a1a2-c3ab3807d24b",
          "created_at": "2026-01-04T12:29:56.402460Z",
          "updated_at": "2026-01-04T12:29:56.402460Z"
        },
        {
          "code": "FEAT_STORAGE",
          "name": "Storage",
          "description": "Cloud storage module",
          "is_base_feature": false,
          "addon_price": "10.0",
          "currency": "USD",
          "status": "active",
          "id": "7c1195bb-6a69-41d8-919f-f3e31a84400b",
          "created_at": "2026-01-04T12:29:56.402460Z",
          "updated_at": "2026-01-04T12:29:56.402460Z"
        }
      ],
      "base_price": "49.99",
      "primary_currency": "USD",
      "primary_country": "US",
      "created_at": "2026-01-04T12:29:56.402460Z",
      "updated_at": "2026-01-04T12:29:56.402460Z"
    }
  ],
  "error": {}
}
Verified root pricing: 49.99 USD (US)

--- Testing List Apps ---
Status: 200
Success: Found registered app 'APP_5325b8' in the list.
